Windows PowerShell
Copyright (C) Microsoft Corporation. All rights reserved.

Install the latest PowerShell for new features and improvements! https://aka.ms/PSWindows

PS C:\Users\mobin> sqlplus

SQL*Plus: Release 23.0.0.0.0 - Production on Thu Jan 30 13:40:40 2025
Version 23.6.0.24.10

Copyright (c) 1982, 2024, Oracle.  All rights reserved.

Enter user-name: system
Enter password:
Last Successful login time: Mon Jan 27 2025 00:12:16 +06:00

Connected to:
Oracle Database 23ai Free Release 23.0.0.0.0 - Develop, Learn, and Run for Free
Version 23.6.0.24.10

SQL> create user C##Judy identified by sarah;

User created.

SQL> grant CREATE SESSION to C##Judy;

Grant succeeded.

SQL> create user C##Bob identified by carolyn;

User created.

SQL> grant CREATE SESSION, CREATE TABLE, CREATE VIEW,
  2  CREATE SYNONYM to C##bob;

Grant succeeded.

SQL> alter user C##bob
  2  default tablespace users
  3  quota 5m on users;

User altered.

SQL> connect bob/carolyn
ERROR:
ORA-01017: invalid credential or not authorized; logon denied
Help: https://docs.oracle.com/error-help/db/ora-01017/


Warning: You are no longer connected to ORACLE.
SQL> connect C##bob/carolyn
Connected.
SQL> create table NEWSPAPER (
  2  Feature      VARCHAR2(15) not null,
  3  Section      CHAR(1),
  4  Page         NUMBER
  5  );

Table created.

SQL> insert into NEWSPAPER values ('National News', 'A', 1);

1 row created.

SQL> insert into NEWSPAPER values ('Sports', 'D', 1);

1 row created.

SQL> insert into NEWSPAPER values ('Editorials', 'A', 12);

1 row created.

SQL> insert into NEWSPAPER values ('Business', 'E', 1);

1 row created.

SQL> insert into NEWSPAPER values ('Weather', 'C', 2);

1 row created.

SQL> insert into NEWSPAPER values ('Television', 'B', 7);

1 row created.

SQL> insert into NEWSPAPER values ('Births', 'F', 7);

1 row created.

SQL> insert into NEWSPAPER values ('Classified', 'F', 8);

1 row created.

SQL> insert into NEWSPAPER values ('Modern Life', 'B', 1);

1 row created.

SQL> insert into NEWSPAPER values ('Comics', 'C', 4);

1 row created.

SQL> insert into NEWSPAPER values ('Movies', 'B', 4);

1 row created.

SQL> insert into NEWSPAPER values ('Bridge', 'B', 2);

1 row created.

SQL> insert into NEWSPAPER values ('Obituaries', 'F', 6);

1 row created.

SQL> insert into NEWSPAPER values ('Doctor Is In', 'F', 6);

1 row created.

SQL> show user
USER is "C##BOB"
SQL> select * from NEWSPAPER
  2  ;

FEATURE         S       PAGE
--------------- - ----------
National News   A          1
Sports          D          1
Editorials      A         12
Business        E          1
Weather         C          2
Television      B          7
Births          F          7
Classified      F          8
Modern Life     B          1
Comics          C          4
Movies          B          4

FEATURE         S       PAGE
--------------- - ----------
Bridge          B          2
Obituaries      F          6
Doctor Is In    F          6

14 rows selected.

SQL> GRANT SELECT ON NEWSPAPER TO C##Judy;

Grant succeeded.

SQL> connect C##Judy/sarah;
Connected.
SQL> select * from C##bob.NEWSPAPER;

FEATURE         S       PAGE
--------------- - ----------
National News   A          1
Sports          D          1
Editorials      A         12
Business        E          1
Weather         C          2
Television      B          7
Births          F          7
Classified      F          8
Modern Life     B          1
Comics          C          4
Movies          B          4

FEATURE         S       PAGE
--------------- - ----------
Bridge          B          2
Obituaries      F          6
Doctor Is In    F          6

14 rows selected.

SQL> insert into C##bob.NEWSPAPER values ('National News', 'A', 1);
insert into C##bob.NEWSPAPER values ('National News', 'A', 1)
                   *
ERROR at line 1:
ORA-41900: missing INSERT privilege on "C##BOB"."NEWSPAPER"
Help: https://docs.oracle.com/error-help/db/ora-41900/


SQL> connect C##bob/carolyn
Connected.
SQL> GRANT insert ON NEWSPAPER TO C##Judy;

Grant succeeded.

SQL> connect C##Judy/sarah;
Connected.
SQL> insert into C##bob.NEWSPAPER values ('National News', 'A', 1);

1 row created.

SQL> select * from C##bob.NEWSPAPER;

FEATURE         S       PAGE
--------------- - ----------
National News   A          1
Sports          D          1
Editorials      A         12
Business        E          1
Weather         C          2
Television      B          7
Births          F          7
Classified      F          8
Modern Life     B          1
Comics          C          4
Movies          B          4

FEATURE         S       PAGE
--------------- - ----------
Bridge          B          2
Obituaries      F          6
Doctor Is In    F          6
National News   A          1

15 rows selected.

SQL>
